// Jest Snapshot v1, https://goo.gl/fbAQLP

exports[`Layout Renders correctly 1`] = `
<div>
  <div>
    <div
      className="MuiBox-root css-i9gxme"
    >
      <header
        className="MuiPaper-root MuiPaper-elevation MuiPaper-elevation4 MuiAppBar-root MuiAppBar-colorPrimary MuiAppBar-positionStatic css-hip9hq-MuiPaper-root-MuiAppBar-root"
      >
        <div
          className="MuiToolbar-root MuiToolbar-gutters MuiToolbar-regular css-hyum1k-MuiToolbar-root"
          style={
            Object {
              "backgroundColor": "floralwhite",
              "justifyContent": "space-between",
            }
          }
        >
          <div
            className="MuiToolbar-root MuiToolbar-gutters MuiToolbar-regular css-hyum1k-MuiToolbar-root"
          >
            <div
              className="MuiTypography-root MuiTypography-h6 css-1q2tlgs-MuiTypography-root"
            >
              React Todo List
            </div>
          </div>
          <div
            className="css-e53awj-MuiStack-root"
          >
            <a
              aria-current="page"
              className="menu-item active"
              href="/"
              onClick={[Function]}
              style={Object {}}
            >
              <button
                className="MuiButtonBase-root MuiButton-root MuiButton-contained MuiButton-containedPrimary MuiButton-sizeMedium MuiButton-containedSizeMedium css-wo41lo-MuiButtonBase-root-MuiButton-root"
                disabled={false}
                onBlur={[Function]}
                onContextMenu={[Function]}
                onDragLeave={[Function]}
                onFocus={[Function]}
                onKeyDown={[Function]}
                onKeyUp={[Function]}
                onMouseDown={[Function]}
                onMouseLeave={[Function]}
                onMouseUp={[Function]}
                onTouchEnd={[Function]}
                onTouchMove={[Function]}
                onTouchStart={[Function]}
                tabIndex={0}
                type="button"
              >
                Home Page
              </button>
            </a>
            <a
              aria-current={null}
              className="menu-item"
              href="/todo-list"
              onClick={[Function]}
            >
              <button
                className="MuiButtonBase-root MuiButton-root MuiButton-contained MuiButton-containedPrimary MuiButton-sizeMedium MuiButton-containedSizeMedium css-wo41lo-MuiButtonBase-root-MuiButton-root"
                disabled={false}
                onBlur={[Function]}
                onContextMenu={[Function]}
                onDragLeave={[Function]}
                onFocus={[Function]}
                onKeyDown={[Function]}
                onKeyUp={[Function]}
                onMouseDown={[Function]}
                onMouseLeave={[Function]}
                onMouseUp={[Function]}
                onTouchEnd={[Function]}
                onTouchMove={[Function]}
                onTouchStart={[Function]}
                tabIndex={0}
                type="button"
              >
                Todo List
              </button>
            </a>
          </div>
        </div>
      </header>
    </div>
  </div>
  <h4
    className="MuiTypography-root MuiTypography-h4 MuiTypography-alignCenter css-1rprlxb-MuiTypography-root"
  >
    Welcome to this todo list app!
  </h4>
</div>
`;
